// Jest Snapshot v1, https://goo.gl/fbAQLP

exports[`App Matches snapshot 1`] = `
<Adapter>
  <Header />
  <Adapter
    style={
      Object {
        "marginTop": 64,
        "padding": "20px 50px 0",
        "zIndex": 1,
      }
    }
  >
    <Switch>
      <Route
        component={[Function]}
        exact={true}
        path="/"
      />
      <Route
        component={[Function]}
        path="/education"
      />
    </Switch>
  </Adapter>
  <Adapter
    style={
      Object {
        "textAlign": "center",
      }
    }
  >
    VisualUSA ©2017 Created by Joey Liu
  </Adapter>
</Adapter>
`;
